// Jest Snapshot v1, https://goo.gl/fbAQLP

exports[`renders correctly 1`] = `
<table
  className="table-auto w-full mb-px"
>
  <thead
    className="text-sm font-semibold uppercase text-slate-500 bg-slate-50 rounded-md"
  >
    <tr>
      <th
        className="px-2 first:pl-5 last:pr-5 py-3 whitespace-nowrap"
      >
        <div
          className="font-semibold text-left"
        >
          Coin
        </div>
      </th>
      <th
        className="px-2 first:pl-5 last:pr-5 py-3 whitespace-nowrap"
      >
        <div
          className="font-semibold text-left"
        >
          Price (AUD)
        </div>
      </th>
      <th
        className="px-2 first:pl-5 last:pr-5 py-3 whitespace-nowrap"
      >
        <div
          className="font-semibold text-left"
        >
          24h Change
        </div>
      </th>
      <th
        className="px-2 first:pl-5 last:pr-5 py-3 whitespace-nowrap"
      >
        <div
          className="font-semibold text-left"
        >
          Volume
        </div>
      </th>
      <th
        className="px-2 first:pl-5 last:pr-5 py-3 whitespace-nowrap"
      >
        <div
          className="font-semibold text-left"
        >
          Mkt Cap
        </div>
      </th>
    </tr>
  </thead>
  <tbody
    className="text-sm divide-y divide-slate-200"
  >
    <tr>
      <td
        className="px-2 text-lg first:pl-5 last:pr-5 py-2.5 whitespace-nowrap"
      >
        <div
          className="flex items-center"
        >
          <img
            className="inline-flex mr-3 h-8 w-8"
            src="https://assets.coingecko.com/coins/images/5720/large/F1nTlw9I_400x400.jpg?1547041588"
          />
          <div
            className="text-sm text-slate-800 flex flex-col"
          >
            <span
              className="font-semibold text-slate-800 inline-flex items-center gap-x-2"
            >
              01coin
            </span>
            <span
              className="text-xs text-slate-500"
            >
              ZOC
            </span>
          </div>
        </div>
      </td>
      <td
        className="px-2 text-sm first:pl-5 last:pr-5 py-3 whitespace-nowrap"
      >
        <span
          className="text-left font-medium"
        >
          $0.00042911
        </span>
      </td>
      <td
        className="px-2 text-sm first:pl-5 last:pr-5 py-3 whitespace-nowrap"
      >
        <span
          className="text-left font-medium"
        >
          2.56%
        </span>
      </td>
      <td
        className="px-2 text-sm first:pl-5 last:pr-5 py-3 whitespace-nowrap"
      >
        <span
          className="text-left font-medium"
        >
          $0.098696
        </span>
      </td>
      <td
        className="px-2 text-sm first:pl-5 last:pr-5 py-3 whitespace-nowrap"
      >
        <span
          className="text-left font-medium"
        >
          -
        </span>
      </td>
    </tr>
    <tr>
      <td
        className="px-2 text-lg first:pl-5 last:pr-5 py-2.5 whitespace-nowrap"
      >
        <div
          className="flex items-center"
        >
          <img
            className="inline-flex mr-3 h-8 w-8"
            src="https://assets.coingecko.com/coins/images/12009/large/683JEXMN_400x400.png?1596692452"
          />
          <div
            className="text-sm text-slate-800 flex flex-col"
          >
            <span
              className="font-semibold text-slate-800 inline-flex items-center gap-x-2"
            >
              0.5X Long Algorand Token
            </span>
            <span
              className="text-xs text-slate-500"
            >
              ALGOHALF
            </span>
          </div>
        </div>
      </td>
      <td
        className="px-2 text-sm first:pl-5 last:pr-5 py-3 whitespace-nowrap"
      >
        <span
          className="text-left font-medium"
        >
          $16,056.05
        </span>
      </td>
      <td
        className="px-2 text-sm first:pl-5 last:pr-5 py-3 whitespace-nowrap"
      >
        <span
          className="text-left font-medium"
        >
          0.00%
        </span>
      </td>
      <td
        className="px-2 text-sm first:pl-5 last:pr-5 py-3 whitespace-nowrap"
      >
        <span
          className="text-left font-medium"
        >
          $1.61
        </span>
      </td>
      <td
        className="px-2 text-sm first:pl-5 last:pr-5 py-3 whitespace-nowrap"
      >
        <span
          className="text-left font-medium"
        >
          -
        </span>
      </td>
    </tr>
    <tr>
      <td
        className="px-2 text-lg first:pl-5 last:pr-5 py-2.5 whitespace-nowrap"
      >
        <div
          className="flex items-center"
        >
          <img
            className="inline-flex mr-3 h-8 w-8"
            src="https://assets.coingecko.com/coins/images/12008/large/683JEXMN_400x400.png?1596692307"
          />
          <div
            className="text-sm text-slate-800 flex flex-col"
          >
            <span
              className="font-semibold text-slate-800 inline-flex items-center gap-x-2"
            >
              0.5X Long Altcoin Index Token
            </span>
            <span
              className="text-xs text-slate-500"
            >
              ALTHALF
            </span>
          </div>
        </div>
      </td>
      <td
        className="px-2 text-sm first:pl-5 last:pr-5 py-3 whitespace-nowrap"
      >
        <span
          className="text-left font-medium"
        >
          $22,202
        </span>
      </td>
      <td
        className="px-2 text-sm first:pl-5 last:pr-5 py-3 whitespace-nowrap"
      >
        <span
          className="text-left font-medium"
        >
          -
        </span>
      </td>
      <td
        className="px-2 text-sm first:pl-5 last:pr-5 py-3 whitespace-nowrap"
      >
        <span
          className="text-left font-medium"
        >
          $3.33
        </span>
      </td>
      <td
        className="px-2 text-sm first:pl-5 last:pr-5 py-3 whitespace-nowrap"
      >
        <span
          className="text-left font-medium"
        >
          -
        </span>
      </td>
    </tr>
    <tr>
      <td
        className="px-2 text-lg first:pl-5 last:pr-5 py-2.5 whitespace-nowrap"
      >
        <div
          className="flex items-center"
        >
          <img
            className="inline-flex mr-3 h-8 w-8"
            src="https://assets.coingecko.com/coins/images/12003/large/683JEXMN_400x400.png?1596691634"
          />
          <div
            className="text-sm text-slate-800 flex flex-col"
          >
            <span
              className="font-semibold text-slate-800 inline-flex items-center gap-x-2"
            >
              0.5X Long AscendEx Token Token
            </span>
            <span
              className="text-xs text-slate-500"
            >
              ASDHALF
            </span>
          </div>
        </div>
      </td>
      <td
        className="px-2 text-sm first:pl-5 last:pr-5 py-3 whitespace-nowrap"
      >
        <span
          className="text-left font-medium"
        >
          $20,838
        </span>
      </td>
      <td
        className="px-2 text-sm first:pl-5 last:pr-5 py-3 whitespace-nowrap"
      >
        <span
          className="text-left font-medium"
        >
          -
        </span>
      </td>
      <td
        className="px-2 text-sm first:pl-5 last:pr-5 py-3 whitespace-nowrap"
      >
        <span
          className="text-left font-medium"
        >
          $56.26
        </span>
      </td>
      <td
        className="px-2 text-sm first:pl-5 last:pr-5 py-3 whitespace-nowrap"
      >
        <span
          className="text-left font-medium"
        >
          -
        </span>
      </td>
    </tr>
    <tr>
      <td
        className="px-2 text-lg first:pl-5 last:pr-5 py-2.5 whitespace-nowrap"
      >
        <div
          className="flex items-center"
        >
          <img
            className="inline-flex mr-3 h-8 w-8"
            src="https://assets.coingecko.com/coins/images/12006/large/683JEXMN_400x400.png?1596692054"
          />
          <div
            className="text-sm text-slate-800 flex flex-col"
          >
            <span
              className="font-semibold text-slate-800 inline-flex items-center gap-x-2"
            >
              0.5X Long Bitcoin Cash Token
            </span>
            <span
              className="text-xs text-slate-500"
            >
              BCHHALF
            </span>
          </div>
        </div>
      </td>
      <td
        className="px-2 text-sm first:pl-5 last:pr-5 py-3 whitespace-nowrap"
      >
        <span
          className="text-left font-medium"
        >
          $9,055.33
        </span>
      </td>
      <td
        className="px-2 text-sm first:pl-5 last:pr-5 py-3 whitespace-nowrap"
      >
        <span
          className="text-left font-medium"
        >
          -
        </span>
      </td>
      <td
        className="px-2 text-sm first:pl-5 last:pr-5 py-3 whitespace-nowrap"
      >
        <span
          className="text-left font-medium"
        >
          $85.03
        </span>
      </td>
      <td
        className="px-2 text-sm first:pl-5 last:pr-5 py-3 whitespace-nowrap"
      >
        <span
          className="text-left font-medium"
        >
          -
        </span>
      </td>
    </tr>
    <tr>
      <td
        className="px-2 text-lg first:pl-5 last:pr-5 py-2.5 whitespace-nowrap"
      >
        <div
          className="flex items-center"
        >
          <img
            className="inline-flex mr-3 h-8 w-8"
            src="https://assets.coingecko.com/coins/images/11996/large/683JEXMN_400x400.png?1596689733"
          />
          <div
            className="text-sm text-slate-800 flex flex-col"
          >
            <span
              className="font-semibold text-slate-800 inline-flex items-center gap-x-2"
            >
              0.5X Long Bitcoin Token
            </span>
            <span
              className="text-xs text-slate-500"
            >
              HALF
            </span>
          </div>
        </div>
      </td>
      <td
        className="px-2 text-sm first:pl-5 last:pr-5 py-3 whitespace-nowrap"
      >
        <span
          className="text-left font-medium"
        >
          $19,482.61
        </span>
      </td>
      <td
        className="px-2 text-sm first:pl-5 last:pr-5 py-3 whitespace-nowrap"
      >
        <span
          className="text-left font-medium"
        >
          -
        </span>
      </td>
      <td
        className="px-2 text-sm first:pl-5 last:pr-5 py-3 whitespace-nowrap"
      >
        <span
          className="text-left font-medium"
        >
          $1,408.98
        </span>
      </td>
      <td
        className="px-2 text-sm first:pl-5 last:pr-5 py-3 whitespace-nowrap"
      >
        <span
          className="text-left font-medium"
        >
          -
        </span>
      </td>
    </tr>
    <tr>
      <td
        className="px-2 text-lg first:pl-5 last:pr-5 py-2.5 whitespace-nowrap"
      >
        <div
          className="flex items-center"
        >
          <img
            className="inline-flex mr-3 h-8 w-8"
            src="https://assets.coingecko.com/coins/images/12011/large/683JEXMN_400x400.png?1596692577"
          />
          <div
            className="text-sm text-slate-800 flex flex-col"
          >
            <span
              className="font-semibold text-slate-800 inline-flex items-center gap-x-2"
            >
              0.5X Long Cardano Token
            </span>
            <span
              className="text-xs text-slate-500"
            >
              ADAHALF
            </span>
          </div>
        </div>
      </td>
      <td
        className="px-2 text-sm first:pl-5 last:pr-5 py-3 whitespace-nowrap"
      >
        <span
          className="text-left font-medium"
        >
          $43,310
        </span>
      </td>
      <td
        className="px-2 text-sm first:pl-5 last:pr-5 py-3 whitespace-nowrap"
      >
        <span
          className="text-left font-medium"
        >
          -
        </span>
      </td>
      <td
        className="px-2 text-sm first:pl-5 last:pr-5 py-3 whitespace-nowrap"
      >
        <span
          className="text-left font-medium"
        >
          $1.73
        </span>
      </td>
      <td
        className="px-2 text-sm first:pl-5 last:pr-5 py-3 whitespace-nowrap"
      >
        <span
          className="text-left font-medium"
        >
          -
        </span>
      </td>
    </tr>
    <tr>
      <td
        className="px-2 text-lg first:pl-5 last:pr-5 py-2.5 whitespace-nowrap"
      >
        <div
          className="flex items-center"
        >
          <img
            className="inline-flex mr-3 h-8 w-8"
            src="https://assets.coingecko.com/coins/images/11992/large/683JEXMN_400x400.png?1596688614"
          />
          <div
            className="text-sm text-slate-800 flex flex-col"
          >
            <span
              className="font-semibold text-slate-800 inline-flex items-center gap-x-2"
            >
              0.5X Long Chainlink Token
            </span>
            <span
              className="text-xs text-slate-500"
            >
              LINKHALF
            </span>
          </div>
        </div>
      </td>
      <td
        className="px-2 text-sm first:pl-5 last:pr-5 py-3 whitespace-nowrap"
      >
        <span
          className="text-left font-medium"
        >
          $15,759.85
        </span>
      </td>
      <td
        className="px-2 text-sm first:pl-5 last:pr-5 py-3 whitespace-nowrap"
      >
        <span
          className="text-left font-medium"
        >
          -
        </span>
      </td>
      <td
        className="px-2 text-sm first:pl-5 last:pr-5 py-3 whitespace-nowrap"
      >
        <span
          className="text-left font-medium"
        >
          $2.84
        </span>
      </td>
      <td
        className="px-2 text-sm first:pl-5 last:pr-5 py-3 whitespace-nowrap"
      >
        <span
          className="text-left font-medium"
        >
          -
        </span>
      </td>
    </tr>
    <tr>
      <td
        className="px-2 text-lg first:pl-5 last:pr-5 py-2.5 whitespace-nowrap"
      >
        <div
          className="flex items-center"
        >
          <img
            className="inline-flex mr-3 h-8 w-8"
            src="https://assets.coingecko.com/coins/images/12007/large/683JEXMN_400x400.png?1596692188"
          />
          <div
            className="text-sm text-slate-800 flex flex-col"
          >
            <span
              className="font-semibold text-slate-800 inline-flex items-center gap-x-2"
            >
              0.5X Long Cosmos Token
            </span>
            <span
              className="text-xs text-slate-500"
            >
              ATOMHALF
            </span>
          </div>
        </div>
      </td>
      <td
        className="px-2 text-sm first:pl-5 last:pr-5 py-3 whitespace-nowrap"
      >
        <span
          className="text-left font-medium"
        >
          $25,079
        </span>
      </td>
      <td
        className="px-2 text-sm first:pl-5 last:pr-5 py-3 whitespace-nowrap"
      >
        <span
          className="text-left font-medium"
        >
          -
        </span>
      </td>
      <td
        className="px-2 text-sm first:pl-5 last:pr-5 py-3 whitespace-nowrap"
      >
        <span
          className="text-left font-medium"
        >
          $3,797.15
        </span>
      </td>
      <td
        className="px-2 text-sm first:pl-5 last:pr-5 py-3 whitespace-nowrap"
      >
        <span
          className="text-left font-medium"
        >
          -
        </span>
      </td>
    </tr>
    <tr>
      <td
        className="px-2 text-lg first:pl-5 last:pr-5 py-2.5 whitespace-nowrap"
      >
        <div
          className="flex items-center"
        >
          <img
            className="inline-flex mr-3 h-8 w-8"
            src="https://assets.coingecko.com/coins/images/12002/large/683JEXMN_400x400.png?1596691478"
          />
          <div
            className="text-sm text-slate-800 flex flex-col"
          >
            <span
              className="font-semibold text-slate-800 inline-flex items-center gap-x-2"
            >
              0.5X Long Dogecoin Token
            </span>
            <span
              className="text-xs text-slate-500"
            >
              DOGEHALF
            </span>
          </div>
        </div>
      </td>
      <td
        className="px-2 text-sm first:pl-5 last:pr-5 py-3 whitespace-nowrap"
      >
        <span
          className="text-left font-medium"
        >
          $121,951
        </span>
      </td>
      <td
        className="px-2 text-sm first:pl-5 last:pr-5 py-3 whitespace-nowrap"
      >
        <span
          className="text-left font-medium"
        >
          -
        </span>
      </td>
      <td
        className="px-2 text-sm first:pl-5 last:pr-5 py-3 whitespace-nowrap"
      >
        <span
          className="text-left font-medium"
        >
          $28.05
        </span>
      </td>
      <td
        className="px-2 text-sm first:pl-5 last:pr-5 py-3 whitespace-nowrap"
      >
        <span
          className="text-left font-medium"
        >
          -
        </span>
      </td>
    </tr>
  </tbody>
</table>
`;
